      Step     Time          Energy          fmax
BFGS:    0 00:31:58    -3114.123993        1.483037
BFGS:    1 00:32:02    -3115.498155        1.396262
BFGS:    2 00:32:06    -3123.467295        0.820969
BFGS:    3 00:32:10    -3124.190694        1.254822
BFGS:    4 00:32:14    -3124.841538        1.111574
BFGS:    5 00:32:18    -3126.767619        0.418715
BFGS:    6 00:32:22    -3126.982982        0.377474
BFGS:    7 00:32:25    -3127.328813        0.413235
BFGS:    8 00:32:29    -3127.595402        0.413831
BFGS:    9 00:32:33    -3127.887594        0.312611
BFGS:   10 00:32:37    -3128.066577        0.362282
BFGS:   11 00:32:41    -3128.206787        0.377881
BFGS:   12 00:32:45    -3128.368111        0.355046
BFGS:   13 00:32:49    -3128.534919        0.358736
BFGS:   14 00:32:53    -3128.643005        0.270465
BFGS:   15 00:32:57    -3128.712171        0.310695
BFGS:   16 00:33:00    -3128.782803        0.255108
BFGS:   17 00:33:04    -3128.864024        0.210981
BFGS:   18 00:33:08    -3128.931867        0.219314
BFGS:   19 00:33:12    -3128.979461        0.260269
BFGS:   20 00:33:16    -3129.021177        0.270863
BFGS:   21 00:33:20    -3129.071543        0.205543
BFGS:   22 00:33:24    -3129.124973        0.185740
BFGS:   23 00:33:28    -3129.165068        0.159704
BFGS:   24 00:33:32    -3129.189901        0.201821
BFGS:   25 00:33:36    -3129.214471        0.173939
BFGS:   26 00:33:40    -3129.243704        0.114713
BFGS:   27 00:33:43    -3129.268529        0.139170
BFGS:   28 00:33:47    -3129.284604        0.153271
BFGS:   29 00:33:51    -3129.297313        0.162121
BFGS:   30 00:33:55    -3129.311818        0.110397
BFGS:   31 00:33:58    -3129.328499        0.087810
BFGS:   32 00:34:02    -3129.342322        0.095908
BFGS:   33 00:34:06    -3129.352067        0.131983
BFGS:   34 00:34:10    -3129.361521        0.117697
BFGS:   35 00:34:14    -3129.372900        0.083961
BFGS:   36 00:34:18    -3129.383582        0.091030
BFGS:   37 00:34:22    -3129.391164        0.104753
BFGS:   38 00:34:26    -3129.397637        0.118891
BFGS:   39 00:34:30    -3129.405068        0.092550
BFGS:   40 00:34:34    -3129.413902        0.080532
BFGS:   41 00:34:38    -3129.422008        0.080668
BFGS:   42 00:34:42    -3129.427941        0.091904
BFGS:   43 00:34:45    -3129.433927        0.093525
BFGS:   44 00:34:49    -3129.441240        0.080649
BFGS:   45 00:34:53    -3129.448714        0.079864
BFGS:   46 00:34:57    -3129.454403        0.078910
BFGS:   47 00:35:00    -3129.459392        0.080539
BFGS:   48 00:35:04    -3129.465280        0.077336
BFGS:   49 00:35:08    -3129.472559        0.076703
BFGS:   50 00:35:12    -3129.479435        0.076441
BFGS:   51 00:35:16    -3129.484604        0.076515
BFGS:   52 00:35:20    -3129.489480        0.076641
BFGS:   53 00:35:24    -3129.495936        0.087885
BFGS:   54 00:35:28    -3129.504298        0.076122
BFGS:   55 00:35:32    -3129.511583        0.075209
BFGS:   56 00:35:36    -3129.517075        0.074247
BFGS:   57 00:35:40    -3129.522263        0.075665
BFGS:   58 00:35:43    -3129.529702        0.083586
BFGS:   59 00:35:47    -3129.538816        0.071231
BFGS:   60 00:35:51    -3129.546879        0.071283
BFGS:   61 00:35:55    -3129.552924        0.071566
BFGS:   62 00:35:59    -3129.559302        0.076382
BFGS:   63 00:36:03    -3129.568612        0.095207
BFGS:   64 00:36:07    -3129.580784        0.083909
BFGS:   65 00:36:11    -3129.592234        0.070055
BFGS:   66 00:36:15    -3129.600967        0.068756
BFGS:   67 00:36:20    -3129.609777        0.067480
BFGS:   68 00:36:24    -3129.622211        0.100176
BFGS:   69 00:36:28    -3129.638732        0.101886
BFGS:   70 00:36:32    -3129.654957        0.107645
BFGS:   71 00:36:36    -3129.670129        0.096443
BFGS:   72 00:36:40    -3129.688590        0.108685
BFGS:   73 00:36:44    -3129.709892        0.122624
BFGS:   74 00:36:48    -3129.735407        0.132523
BFGS:   75 00:36:52    -3129.763967        0.135555
BFGS:   76 00:36:55    -3129.797368        0.128875
BFGS:   77 00:36:59    -3129.818801        0.134689
BFGS:   78 00:37:03    -3129.854310        0.125683
BFGS:   79 00:37:07    -3129.886430        0.149915
BFGS:   80 00:37:11    -3129.915389        0.139253
BFGS:   81 00:37:15    -3129.944721        0.148548
BFGS:   82 00:37:19    -3129.963988        0.122002
BFGS:   83 00:37:23    -3129.989342        0.093601
BFGS:   84 00:37:27    -3130.016376        0.121750
BFGS:   85 00:37:31    -3130.042704        0.109661
BFGS:   86 00:37:35    -3130.058872        0.113739
BFGS:   87 00:37:39    -3130.075144        0.101520
BFGS:   88 00:37:43    -3130.096025        0.092914
BFGS:   89 00:37:48    -3130.119760        0.109242
BFGS:   90 00:37:51    -3130.137975        0.112682
BFGS:   91 00:37:55    -3130.151455        0.118328
BFGS:   92 00:37:59    -3130.167245        0.123610
BFGS:   93 00:38:03    -3130.188648        0.139482
BFGS:   94 00:38:07    -3130.212870        0.152583
BFGS:   95 00:38:11    -3130.230391        0.157695
BFGS:   96 00:38:15    -3130.246117        0.164392
BFGS:   97 00:38:19    -3130.267442        0.177361
BFGS:   98 00:38:23    -3130.296482        0.185194
BFGS:   99 00:38:27    -3130.324343        0.173698
BFGS:  100 00:38:31    -3130.346232        0.160234
BFGS:  101 00:38:35    -3130.364517        0.143928
BFGS:  102 00:38:39    -3130.388041        0.135587
BFGS:  103 00:38:43    -3130.414463        0.116490
BFGS:  104 00:38:47    -3130.436895        0.114645
BFGS:  105 00:38:51    -3130.451516        0.113263
BFGS:  106 00:38:55    -3130.464942        0.074244
BFGS:  107 00:38:59    -3130.481868        0.080680
BFGS:  108 00:39:02    -3130.503200        0.089128
BFGS:  109 00:39:06    -3130.515057        0.104026
BFGS:  110 00:39:10    -3130.523462        0.080063
BFGS:  111 00:39:14    -3130.533116        0.068854
BFGS:  112 00:39:18    -3130.545228        0.072830
BFGS:  113 00:39:22    -3130.555553        0.085237
BFGS:  114 00:39:26    -3130.562183        0.085155
BFGS:  115 00:39:30    -3130.567010        0.057661
BFGS:  116 00:39:34    -3130.572658        0.056001
BFGS:  117 00:39:38    -3130.578683        0.053221
BFGS:  118 00:39:42    -3130.583055        0.068880
BFGS:  119 00:39:46    -3130.585863        0.058548
BFGS:  120 00:39:49    -3130.588869        0.040661
BFGS:  121 00:39:53    -3130.592286        0.040915
BFGS:  122 00:39:57    -3130.595325        0.040396
BFGS:  123 00:40:01    -3130.597395        0.042931
BFGS:  124 00:40:05    -3130.598889        0.031232
BFGS:  125 00:40:09    -3130.600646        0.031341
BFGS:  126 00:40:13    -3130.602886        0.030127
BFGS:  127 00:40:17    -3130.604528        0.033173
BFGS:  128 00:40:21    -3130.605527        0.026057
BFGS:  129 00:40:25    -3130.606640        0.021519
BFGS:  130 00:40:29    -3130.608113        0.025724
BFGS:  131 00:40:33    -3130.609563        0.027316
BFGS:  132 00:40:37    -3130.610788        0.022478
BFGS:  133 00:40:41    -3130.611344        0.020805
BFGS:  134 00:40:45    -3130.612133        0.020582
BFGS:  135 00:40:49    -3130.613175        0.025657
BFGS:  136 00:40:53    -3130.614494        0.023514
BFGS:  137 00:40:57    -3130.615147        0.019860
BFGS:  138 00:41:00    -3130.615545        0.019750
BFGS:  139 00:41:04    -3130.616228        0.019581
BFGS:  140 00:41:09    -3130.617099        0.022103
BFGS:  141 00:41:13    -3130.617778        0.021679
BFGS:  142 00:41:16    -3130.618377        0.018572
BFGS:  143 00:41:20    -3130.618895        0.018342
BFGS:  144 00:41:24    -3130.619393        0.018098
BFGS:  145 00:41:28    -3130.620091        0.021268
BFGS:  146 00:41:32    -3130.620643        0.018946
BFGS:  147 00:41:36    -3130.621049        0.017559
BFGS:  148 00:41:40    -3130.621432        0.017468
BFGS:  149 00:41:43    -3130.621998        0.017300
BFGS:  150 00:41:47    -3130.622572        0.018285
BFGS:  151 00:41:51    -3130.623010        0.016733
BFGS:  152 00:41:55    -3130.623344        0.016487
BFGS:  153 00:42:00    -3130.623902        0.016232
BFGS:  154 00:42:04    -3130.624269        0.017526
BFGS:  155 00:42:08    -3130.624756        0.020138
BFGS:  156 00:42:12    -3130.625217        0.015423
BFGS:  157 00:42:15    -3130.625478        0.015313
BFGS:  158 00:42:19    -3130.626017        0.015181
BFGS:  159 00:42:23    -3130.626532        0.016717
BFGS:  160 00:42:27    -3130.626917        0.016807
BFGS:  161 00:42:31    -3130.627325        0.014446
