      Step     Time          Energy          fmax
BFGS:    0 00:52:45    -3114.972228        1.890743
BFGS:    1 00:52:49    -3116.442140        1.802000
BFGS:    2 00:52:53    -3124.021507        0.781033
BFGS:    3 00:52:57    -3125.544778        1.618715
BFGS:    4 00:53:00    -3126.180489        1.195474
BFGS:    5 00:53:04    -3127.959312        0.450017
BFGS:    6 00:53:09    -3128.546997        0.473980
BFGS:    7 00:53:13    -3128.784480        0.468857
BFGS:    8 00:53:16    -3129.075373        0.328422
BFGS:    9 00:53:20    -3129.320994        0.284313
BFGS:   10 00:53:25    -3129.533604        0.408906
BFGS:   11 00:53:28    -3129.689785        0.427469
BFGS:   12 00:53:32    -3129.798701        0.289266
BFGS:   13 00:53:36    -3129.908000        0.193491
BFGS:   14 00:53:40    -3130.022765        0.243268
BFGS:   15 00:53:44    -3130.104019        0.370657
BFGS:   16 00:53:48    -3130.158210        0.322988
BFGS:   17 00:53:52    -3130.207546        0.156475
BFGS:   18 00:53:56    -3130.257826        0.125631
BFGS:   19 00:54:00    -3130.305804        0.274320
BFGS:   20 00:54:04    -3130.341538        0.302359
BFGS:   21 00:54:08    -3130.370036        0.209946
BFGS:   22 00:54:12    -3130.399832        0.117592
BFGS:   23 00:54:16    -3130.430097        0.149316
BFGS:   24 00:54:20    -3130.453110        0.228860
BFGS:   25 00:54:24    -3130.471704        0.198661
BFGS:   26 00:54:28    -3130.491146        0.099496
BFGS:   27 00:54:32    -3130.511137        0.092606
BFGS:   28 00:54:36    -3130.527519        0.157448
BFGS:   29 00:54:40    -3130.539295        0.164978
BFGS:   30 00:54:44    -3130.550106        0.113033
BFGS:   31 00:54:48    -3130.562114        0.096304
BFGS:   32 00:54:52    -3130.573366        0.096140
BFGS:   33 00:54:56    -3130.582033        0.097745
BFGS:   34 00:55:00    -3130.589625        0.094141
BFGS:   35 00:55:04    -3130.599156        0.092774
BFGS:   36 00:55:09    -3130.609714        0.091552
BFGS:   37 00:55:13    -3130.618294        0.091033
BFGS:   38 00:55:17    -3130.624490        0.091115
BFGS:   39 00:55:21    -3130.630529        0.091310
BFGS:   40 00:55:25    -3130.638582        0.091266
BFGS:   41 00:55:29    -3130.647938        0.090634
BFGS:   42 00:55:33    -3130.655511        0.089559
BFGS:   43 00:55:37    -3130.661322        0.088517
BFGS:   44 00:55:41    -3130.668011        0.087524
BFGS:   45 00:55:45    -3130.677227        0.086560
BFGS:   46 00:55:49    -3130.687543        0.085986
BFGS:   47 00:55:53    -3130.695949        0.085957
BFGS:   48 00:55:57    -3130.702586        0.086117
BFGS:   49 00:56:01    -3130.710135        0.086079
BFGS:   50 00:56:06    -3130.720063        0.085439
BFGS:   51 00:56:10    -3130.730236        0.084012
BFGS:   52 00:56:14    -3130.738505        0.082838
BFGS:   53 00:56:18    -3130.746109        0.090440
BFGS:   54 00:56:23    -3130.755914        0.081343
BFGS:   55 00:56:27    -3130.769698        0.080552
BFGS:   56 00:56:31    -3130.785580        0.101860
BFGS:   57 00:56:35    -3130.802017        0.127208
BFGS:   58 00:56:39    -3130.821406        0.173271
BFGS:   59 00:56:43    -3130.839537        0.228549
BFGS:   60 00:56:47    -3130.858153        0.291900
BFGS:   61 00:56:51    -3130.880755        0.362364
BFGS:   62 00:56:55    -3130.906657        0.440342
BFGS:   63 00:56:59    -3130.935012        0.522734
BFGS:   64 00:57:03    -3130.965549        0.607838
BFGS:   65 00:57:07    -3131.004723        0.695856
BFGS:   66 00:57:11    -3131.040845        0.781267
BFGS:   67 00:57:16    -3131.085488        0.861216
BFGS:   68 00:57:20    -3131.136722        0.930088
BFGS:   69 00:57:24    -3131.202428        0.984737
BFGS:   70 00:57:28    -3131.294913        0.998983
BFGS:   71 00:57:32    -3131.397046        0.988790
BFGS:   72 00:57:36    -3131.540735        0.968141
BFGS:   73 00:57:40    -3131.891804        0.913632
BFGS:   74 00:57:44    -3132.255311        0.751850
BFGS:   75 00:57:48    -3132.536494        0.813630
BFGS:   76 00:57:52    -3132.807213        0.636343
BFGS:   77 00:57:56    -3133.072387        0.615521
BFGS:   78 00:58:00    -3133.316399        0.523122
BFGS:   79 00:58:04    -3133.531403        0.473591
BFGS:   80 00:58:08    -3133.673578        0.412654
BFGS:   81 00:58:12    -3133.802981        0.314337
BFGS:   82 00:58:16    -3133.904875        0.435844
BFGS:   83 00:58:20    -3133.999264        0.326913
BFGS:   84 00:58:24    -3134.069212        0.332927
BFGS:   85 00:58:28    -3134.133511        0.252747
BFGS:   86 00:58:32    -3134.202365        0.212438
BFGS:   87 00:58:36    -3134.264507        0.170721
BFGS:   88 00:58:40    -3134.304571        0.163002
BFGS:   89 00:58:44    -3134.337924        0.163823
BFGS:   90 00:58:48    -3134.376634        0.152629
BFGS:   91 00:58:52    -3134.422296        0.134454
BFGS:   92 00:58:56    -3134.453522        0.160059
BFGS:   93 00:59:00    -3134.475294        0.154079
BFGS:   94 00:59:04    -3134.495902        0.123194
BFGS:   95 00:59:09    -3134.522381        0.110575
BFGS:   96 00:59:13    -3134.548572        0.103297
BFGS:   97 00:59:17    -3134.567890        0.109262
BFGS:   98 00:59:21    -3134.582025        0.092027
BFGS:   99 00:59:25    -3134.598557        0.093590
BFGS:  100 00:59:29    -3134.619996        0.105587
BFGS:  101 00:59:33    -3134.640833        0.092193
BFGS:  102 00:59:37    -3134.655968        0.108265
BFGS:  103 00:59:41    -3134.669298        0.103868
BFGS:  104 00:59:45    -3134.686159        0.105324
BFGS:  105 00:59:49    -3134.707020        0.106678
BFGS:  106 00:59:53    -3134.725449        0.098259
BFGS:  107 00:59:57    -3134.738465        0.114101
BFGS:  108 01:00:01    -3134.751611        0.111470
BFGS:  109 01:00:06    -3134.767416        0.119848
BFGS:  110 01:00:10    -3134.784943        0.096529
BFGS:  111 01:00:15    -3134.797662        0.081177
BFGS:  112 01:00:19    -3134.805798        0.080825
BFGS:  113 01:00:23    -3134.813774        0.072907
BFGS:  114 01:00:27    -3134.823698        0.076474
BFGS:  115 01:00:32    -3134.832840        0.088733
BFGS:  116 01:00:36    -3134.838464        0.068466
BFGS:  117 01:00:40    -3134.842327        0.060344
BFGS:  118 01:00:44    -3134.846379        0.055689
BFGS:  119 01:00:49    -3134.853232        0.053464
BFGS:  120 01:00:53    -3134.857321        0.054156
BFGS:  121 01:00:57    -3134.859744        0.039183
BFGS:  122 01:01:01    -3134.861783        0.042285
BFGS:  123 01:01:05    -3134.864755        0.034269
BFGS:  124 01:01:09    -3134.867768        0.044751
BFGS:  125 01:01:14    -3134.869786        0.036006
BFGS:  126 01:01:18    -3134.871312        0.046287
BFGS:  127 01:01:22    -3134.873053        0.040628
BFGS:  128 01:01:26    -3134.875301        0.036881
BFGS:  129 01:01:30    -3134.877090        0.043157
BFGS:  130 01:01:34    -3134.878460        0.040258
BFGS:  131 01:01:38    -3134.879789        0.046751
BFGS:  132 01:01:42    -3134.881573        0.037734
BFGS:  133 01:01:46    -3134.883589        0.037337
BFGS:  134 01:01:50    -3134.885350        0.039393
BFGS:  135 01:01:54    -3134.886852        0.043364
BFGS:  136 01:01:58    -3134.888149        0.047143
BFGS:  137 01:02:03    -3134.889846        0.034804
BFGS:  138 01:02:07    -3134.892035        0.035544
BFGS:  139 01:02:11    -3134.893528        0.031818
BFGS:  140 01:02:15    -3134.894909        0.041651
BFGS:  141 01:02:20    -3134.896503        0.047334
BFGS:  142 01:02:24    -3134.898857        0.038312
BFGS:  143 01:02:28    -3134.901576        0.047611
BFGS:  144 01:02:32    -3134.903740        0.039198
BFGS:  145 01:02:36    -3134.905434        0.032820
BFGS:  146 01:02:40    -3134.907169        0.038049
BFGS:  147 01:02:44    -3134.909517        0.033222
BFGS:  148 01:02:48    -3134.911881        0.038806
BFGS:  149 01:02:52    -3134.913510        0.024863
BFGS:  150 01:02:56    -3134.914811        0.021757
BFGS:  151 01:03:00    -3134.916046        0.024386
BFGS:  152 01:03:04    -3134.917836        0.037471
BFGS:  153 01:03:08    -3134.919728        0.037585
BFGS:  154 01:03:13    -3134.921141        0.033649
BFGS:  155 01:03:17    -3134.922164        0.028284
BFGS:  156 01:03:21    -3134.923467        0.024248
BFGS:  157 01:03:25    -3134.925151        0.039758
BFGS:  158 01:03:29    -3134.926728        0.039527
BFGS:  159 01:03:33    -3134.927817        0.046484
BFGS:  160 01:03:37    -3134.928996        0.038154
BFGS:  161 01:03:41    -3134.930371        0.024496
BFGS:  162 01:03:45    -3134.931837        0.032632
BFGS:  163 01:03:49    -3134.932983        0.034881
BFGS:  164 01:03:53    -3134.933868        0.038456
BFGS:  165 01:03:57    -3134.934873        0.028806
BFGS:  166 01:04:01    -3134.936226        0.025761
BFGS:  167 01:04:06    -3134.937442        0.026179
BFGS:  168 01:04:10    -3134.938297        0.030792
BFGS:  169 01:04:14    -3134.938926        0.029959
BFGS:  170 01:04:18    -3134.939763        0.021002
BFGS:  171 01:04:22    -3134.940724        0.028750
BFGS:  172 01:04:26    -3134.941546        0.022136
BFGS:  173 01:04:30    -3134.942116        0.020991
BFGS:  174 01:04:34    -3134.942566        0.017411
BFGS:  175 01:04:39    -3134.943217        0.018984
BFGS:  176 01:04:43    -3134.944068        0.022600
BFGS:  177 01:04:47    -3134.944479        0.016552
BFGS:  178 01:04:51    -3134.944750        0.016739
BFGS:  179 01:04:55    -3134.945100        0.011836
