      Step     Time          Energy          fmax
BFGS:    0 00:42:37    -3111.419484        1.900505
BFGS:    1 00:42:40    -3112.931050        1.805840
BFGS:    2 00:42:44    -3120.558455        0.641599
BFGS:    3 00:42:48    -3121.911710        1.204226
BFGS:    4 00:42:52    -3122.469865        0.888653
BFGS:    5 00:42:56    -3124.233629        0.404436
BFGS:    6 00:43:00    -3124.710661        0.538518
BFGS:    7 00:43:04    -3124.966582        0.527444
BFGS:    8 00:43:08    -3125.337560        0.377407
BFGS:    9 00:43:12    -3125.650371        0.290730
BFGS:   10 00:43:16    -3125.879636        0.388826
BFGS:   11 00:43:20    -3126.048228        0.406706
BFGS:   12 00:43:24    -3126.188625        0.335819
BFGS:   13 00:43:28    -3126.356770        0.246113
BFGS:   14 00:43:31    -3126.509028        0.375651
BFGS:   15 00:43:35    -3126.604438        0.442169
BFGS:   16 00:43:39    -3126.676862        0.342635
BFGS:   17 00:43:43    -3126.753227        0.144999
BFGS:   18 00:43:47    -3126.824342        0.219391
BFGS:   19 00:43:50    -3126.880179        0.371815
BFGS:   20 00:43:54    -3126.921863        0.352668
BFGS:   21 00:43:58    -3126.962766        0.219217
BFGS:   22 00:44:02    -3127.010032        0.115316
BFGS:   23 00:44:06    -3127.050669        0.206705
BFGS:   24 00:44:10    -3127.080191        0.276662
BFGS:   25 00:44:14    -3127.107040        0.233129
BFGS:   26 00:44:17    -3127.135680        0.096196
BFGS:   27 00:44:21    -3127.161085        0.086486
BFGS:   28 00:44:25    -3127.178585        0.156713
BFGS:   29 00:44:29    -3127.192031        0.159611
BFGS:   30 00:44:33    -3127.207528        0.108253
BFGS:   31 00:44:37    -3127.225558        0.091055
BFGS:   32 00:44:41    -3127.240418        0.089915
BFGS:   33 00:44:44    -3127.250762        0.099389
BFGS:   34 00:44:48    -3127.260789        0.091877
BFGS:   35 00:44:52    -3127.273629        0.084808
BFGS:   36 00:44:56    -3127.287584        0.083798
BFGS:   37 00:45:00    -3127.297909        0.084021
BFGS:   38 00:45:04    -3127.304780        0.084825
BFGS:   39 00:45:08    -3127.311985        0.085650
BFGS:   40 00:45:12    -3127.321830        0.086188
BFGS:   41 00:45:16    -3127.331911        0.085849
BFGS:   42 00:45:20    -3127.339552        0.084749
BFGS:   43 00:45:24    -3127.345665        0.083503
BFGS:   44 00:45:27    -3127.353307        0.082173
BFGS:   45 00:45:31    -3127.363706        0.080987
BFGS:   46 00:45:35    -3127.373858        0.080588
BFGS:   47 00:45:39    -3127.381240        0.081036
BFGS:   48 00:45:43    -3127.386758        0.081636
BFGS:   49 00:45:47    -3127.393862        0.082003
BFGS:   50 00:45:50    -3127.403245        0.081656
BFGS:   51 00:45:54    -3127.412765        0.080304
BFGS:   52 00:45:58    -3127.420506        0.078549
BFGS:   53 00:46:02    -3127.427786        0.077049
BFGS:   54 00:46:06    -3127.438298        0.084386
BFGS:   55 00:46:10    -3127.453688        0.095728
BFGS:   56 00:46:14    -3127.471385        0.110469
BFGS:   57 00:46:18    -3127.487918        0.122632
BFGS:   58 00:46:22    -3127.504666        0.129817
BFGS:   59 00:46:26    -3127.528604        0.142695
BFGS:   60 00:46:30    -3127.562759        0.156088
BFGS:   61 00:46:33    -3127.596879        0.149717
BFGS:   62 00:46:37    -3127.630097        0.161128
BFGS:   63 00:46:41    -3127.659029        0.135777
BFGS:   64 00:46:46    -3127.688867        0.143088
BFGS:   65 00:46:50    -3127.725125        0.135892
BFGS:   66 00:46:53    -3127.766649        0.152731
BFGS:   67 00:46:57    -3127.787234        0.141915
BFGS:   68 00:47:01    -3127.807730        0.090067
BFGS:   69 00:47:05    -3127.837273        0.073531
BFGS:   70 00:47:09    -3127.861777        0.075754
BFGS:   71 00:47:13    -3127.877209        0.100274
BFGS:   72 00:47:17    -3127.889362        0.095115
BFGS:   73 00:47:21    -3127.904997        0.067505
BFGS:   74 00:47:24    -3127.922771        0.061805
BFGS:   75 00:47:28    -3127.936823        0.090076
BFGS:   76 00:47:32    -3127.945298        0.083532
BFGS:   77 00:47:36    -3127.952554        0.065509
BFGS:   78 00:47:40    -3127.962441        0.061409
BFGS:   79 00:47:43    -3127.973661        0.069707
BFGS:   80 00:47:47    -3127.980052        0.079104
BFGS:   81 00:47:51    -3127.984789        0.058500
BFGS:   82 00:47:55    -3127.990146        0.057520
BFGS:   83 00:47:59    -3127.997067        0.056613
BFGS:   84 00:48:02    -3128.003152        0.069617
BFGS:   85 00:48:07    -3128.007551        0.066604
BFGS:   86 00:48:11    -3128.011087        0.056377
BFGS:   87 00:48:14    -3128.015844        0.056177
BFGS:   88 00:48:18    -3128.021314        0.055412
BFGS:   89 00:48:22    -3128.025565        0.056863
BFGS:   90 00:48:26    -3128.028762        0.053324
BFGS:   91 00:48:30    -3128.031859        0.052446
BFGS:   92 00:48:34    -3128.036311        0.051562
BFGS:   93 00:48:38    -3128.041207        0.056590
BFGS:   94 00:48:42    -3128.044962        0.063206
BFGS:   95 00:48:46    -3128.047875        0.050856
BFGS:   96 00:48:50    -3128.051423        0.050814
BFGS:   97 00:48:53    -3128.055887        0.050383
BFGS:   98 00:48:57    -3128.060255        0.059789
BFGS:   99 00:49:01    -3128.063631        0.061637
BFGS:  100 00:49:05    -3128.066573        0.047504
BFGS:  101 00:49:09    -3128.070432        0.046500
BFGS:  102 00:49:13    -3128.075400        0.045520
BFGS:  103 00:49:17    -3128.080089        0.048518
BFGS:  104 00:49:21    -3128.083859        0.044719
BFGS:  105 00:49:24    -3128.087394        0.044571
BFGS:  106 00:49:28    -3128.092438        0.044060
BFGS:  107 00:49:32    -3128.098243        0.047425
BFGS:  108 00:49:36    -3128.103809        0.049450
BFGS:  109 00:49:40    -3128.107574        0.042653
BFGS:  110 00:49:44    -3128.111619        0.040187
BFGS:  111 00:49:47    -3128.116683        0.036651
BFGS:  112 00:49:51    -3128.122674        0.046986
BFGS:  113 00:49:55    -3128.127602        0.044129
BFGS:  114 00:49:59    -3128.130944        0.037382
BFGS:  115 00:50:03    -3128.134599        0.039527
BFGS:  116 00:50:07    -3128.139396        0.033493
BFGS:  117 00:50:11    -3128.144634        0.045903
BFGS:  118 00:50:15    -3128.148362        0.035161
BFGS:  119 00:50:19    -3128.151245        0.035006
BFGS:  120 00:50:22    -3128.154691        0.034318
BFGS:  121 00:50:26    -3128.159005        0.035705
BFGS:  122 00:50:30    -3128.163004        0.036669
BFGS:  123 00:50:34    -3128.165767        0.033501
BFGS:  124 00:50:38    -3128.168026        0.029438
BFGS:  125 00:50:42    -3128.170949        0.025279
BFGS:  126 00:50:45    -3128.174614        0.037134
BFGS:  127 00:50:49    -3128.177652        0.036184
BFGS:  128 00:50:53    -3128.179636        0.036581
BFGS:  129 00:50:57    -3128.181750        0.029474
BFGS:  130 00:51:00    -3128.184053        0.028925
BFGS:  131 00:51:04    -3128.186981        0.035237
BFGS:  132 00:51:08    -3128.189452        0.028896
BFGS:  133 00:51:13    -3128.191091        0.033772
BFGS:  134 00:51:16    -3128.192737        0.027597
BFGS:  135 00:51:20    -3128.194758        0.030085
BFGS:  136 00:51:24    -3128.196933        0.029931
BFGS:  137 00:51:28    -3128.198468        0.030766
BFGS:  138 00:51:32    -3128.199633        0.031107
BFGS:  139 00:51:36    -3128.200839        0.020420
BFGS:  140 00:51:40    -3128.202546        0.024289
BFGS:  141 00:51:44    -3128.203794        0.022383
BFGS:  142 00:51:48    -3128.204865        0.031302
BFGS:  143 00:51:52    -3128.205510        0.028049
BFGS:  144 00:51:56    -3128.206427        0.020844
BFGS:  145 00:51:59    -3128.207550        0.024100
BFGS:  146 00:52:04    -3128.208626        0.022707
BFGS:  147 00:52:08    -3128.209117        0.026400
BFGS:  148 00:52:12    -3128.209687        0.020532
BFGS:  149 00:52:16    -3128.210527        0.016830
BFGS:  150 00:52:20    -3128.211370        0.017053
BFGS:  151 00:52:23    -3128.212037        0.023968
BFGS:  152 00:52:28    -3128.212641        0.024068
BFGS:  153 00:52:31    -3128.212924        0.016724
BFGS:  154 00:52:35    -3128.213576        0.017537
BFGS:  155 00:52:39    -3128.214163        0.013721
